// Jest Snapshot v1, https://goo.gl/fbAQLP

exports[`SearchModal should show search modal 1`] = `
<ConnectedForemanModal
  enforceFocus={true}
  id="bookmarksModal-hosts"
  onEnter={[MockFunction]}
  title="Create Bookmark"
>
  <Connect(BookmarkForm)
    bookmarks={Array []}
    controller="hosts"
    id="hosts"
    onCancel={[MockFunction]}
    setModalClosed={[MockFunction]}
    url="/api/bookmarks"
  />
</ConnectedForemanModal>
`;
